2025-05-28 12:55:50,645 [INFO] Second_training_iteration.py:329 - ===== Starting Training Run: MultiClass_640_LR0.0002_DefaultPaths_mAP50Optimized_img640x640_bs4_lr0.0002 =====
2025-05-28 12:55:50,645 [INFO] Second_training_iteration.py:330 - Prioritizing mAP@.50 for model selection. Fallback to F1 if mAP@.50 is zero.
2025-05-28 12:55:50,645 [INFO] Second_training_iteration.py:331 - Outputting to folder: New_runs_mAP50/MultiClass_640_LR0.0002_DefaultPaths_mAP50Optimized_img640x640_bs4_lr0.0002
2025-05-28 12:55:50,645 [INFO] Second_training_iteration.py:332 - Current Run Configuration: {
  "BATCH_SIZE": 4,
  "CLASS_NAMES": [
    "Tripos longipes",
    "Tripos fusus",
    "Tripos lineatum/furca",
    "Chaetoceros",
    "Coscinodiscus"
  ],
  "COCO_EVAL_MIN_SCORE_THRESHOLD": 0.01,
  "DEBUG_LOGGING": false,
  "EARLY_STOPPING_PATIENCE": 30,
  "EFFECTIVE_BATCH": 64,
  "IOU_THRESHOLD": 0.6,
  "LEARNING_RATE": 0.0002,
  "NUM_CLASSES_MODEL": 6,
  "NUM_EPOCHS": 400,
  "NUM_WORKERS": 4,
  "SCHEDULER_PATIENCE": 10,
  "SCORE_THRESHOLD": 0.4,
  "SEED": 42,
  "TARGET_SIZE": [
    640,
    640
  ],
  "TRAIN_IMAGE_DIR": "/home/itk/Desktop/Andreas/AWAS-Project/AFTI_PMID_MULTICLASS_WITHOUT_COPEPOD_IN_USE/train/images",
  "TRAIN_LABEL_DIR": "/home/itk/Desktop/Andreas/AWAS-Project/AFTI_PMID_MULTICLASS_WITHOUT_COPEPOD_IN_USE/train/labels_minmax",
  "VAL_IMAGE_DIR": "/home/itk/Desktop/Andreas/AWAS-Project/AFTI_PMID_MULTICLASS_WITHOUT_COPEPOD_IN_USE/val/images",
  "VAL_LABEL_DIR": "/home/itk/Desktop/Andreas/AWAS-Project/AFTI_PMID_MULTICLASS_WITHOUT_COPEPOD_IN_USE/val/labels_minmax",
  "VARIATION_NAME": "MultiClass_640_LR0.0002_DefaultPaths_mAP50Optimized"
}
2025-05-28 12:55:50,742 [INFO] Second_training_iteration.py:333 - Using device: cuda
2025-05-28 12:55:50,743 [INFO] Second_training_iteration.py:348 - Training dataset size: 763, Validation dataset size: 99. Number of classes (incl. background): 6
2025-05-28 12:55:51,276 [INFO] Second_training_iteration.py:355 - Physical Batch Size: 4, Target Effective Batch Size: 64, Gradient Accumulation Steps: 16
2025-05-28 12:56:56,160 [INFO] Second_training_iteration.py:275 - COCO evaluation summary saved to: New_runs_mAP50/MultiClass_640_LR0.0002_DefaultPaths_mAP50Optimized_img640x640_bs4_lr0.0002/coco_evaluation_summary.txt
2025-05-28 12:56:56,163 [INFO] Second_training_iteration.py:421 - [Epoch 1/400] TrainLoss: 0.6480 | Val F1: 0.0000 (P:0.000 R:0.000) | mAP@.50:0.0466 | mAP@.50-.95:0.0097 | LR:2.00e-04
2025-05-28 12:56:56,341 [INFO] Second_training_iteration.py:446 - <<< Best Model Saved! Epoch: 1, Metric (mAP@.50): 0.0466
2025-05-28 12:58:01,764 [INFO] Second_training_iteration.py:275 - COCO evaluation summary saved to: New_runs_mAP50/MultiClass_640_LR0.0002_DefaultPaths_mAP50Optimized_img640x640_bs4_lr0.0002/coco_evaluation_summary.txt
2025-05-28 12:58:01,768 [INFO] Second_training_iteration.py:421 - [Epoch 2/400] TrainLoss: 0.3345 | Val F1: 0.0214 (P:0.286 R:0.011) | mAP@.50:0.0635 | mAP@.50-.95:0.0137 | LR:2.00e-04
2025-05-28 12:58:02,020 [INFO] Second_training_iteration.py:446 - <<< Best Model Saved! Epoch: 2, Metric (mAP@.50): 0.0635
2025-05-28 12:59:09,103 [INFO] Second_training_iteration.py:275 - COCO evaluation summary saved to: New_runs_mAP50/MultiClass_640_LR0.0002_DefaultPaths_mAP50Optimized_img640x640_bs4_lr0.0002/coco_evaluation_summary.txt
2025-05-28 12:59:09,108 [INFO] Second_training_iteration.py:421 - [Epoch 3/400] TrainLoss: 0.3019 | Val F1: 0.0354 (P:0.189 R:0.019) | mAP@.50:0.0838 | mAP@.50-.95:0.0175 | LR:2.00e-04
2025-05-28 12:59:09,357 [INFO] Second_training_iteration.py:446 - <<< Best Model Saved! Epoch: 3, Metric (mAP@.50): 0.0838
2025-05-28 13:00:16,402 [INFO] Second_training_iteration.py:275 - COCO evaluation summary saved to: New_runs_mAP50/MultiClass_640_LR0.0002_DefaultPaths_mAP50Optimized_img640x640_bs4_lr0.0002/coco_evaluation_summary.txt
2025-05-28 13:00:16,407 [INFO] Second_training_iteration.py:421 - [Epoch 4/400] TrainLoss: 0.2755 | Val F1: 0.0846 (P:0.211 R:0.053) | mAP@.50:0.0884 | mAP@.50-.95:0.0226 | LR:2.00e-04
2025-05-28 13:00:16,671 [INFO] Second_training_iteration.py:446 - <<< Best Model Saved! Epoch: 4, Metric (mAP@.50): 0.0884
2025-05-28 13:01:23,550 [INFO] Second_training_iteration.py:275 - COCO evaluation summary saved to: New_runs_mAP50/MultiClass_640_LR0.0002_DefaultPaths_mAP50Optimized_img640x640_bs4_lr0.0002/coco_evaluation_summary.txt
2025-05-28 13:01:23,554 [INFO] Second_training_iteration.py:421 - [Epoch 5/400] TrainLoss: 0.2648 | Val F1: 0.1679 (P:0.234 R:0.131) | mAP@.50:0.1168 | mAP@.50-.95:0.0402 | LR:2.00e-04
2025-05-28 13:01:23,810 [INFO] Second_training_iteration.py:446 - <<< Best Model Saved! Epoch: 5, Metric (mAP@.50): 0.1168
2025-05-28 13:02:30,511 [INFO] Second_training_iteration.py:275 - COCO evaluation summary saved to: New_runs_mAP50/MultiClass_640_LR0.0002_DefaultPaths_mAP50Optimized_img640x640_bs4_lr0.0002/coco_evaluation_summary.txt
2025-05-28 13:02:30,515 [INFO] Second_training_iteration.py:421 - [Epoch 6/400] TrainLoss: 0.2586 | Val F1: 0.0479 (P:0.529 R:0.025) | mAP@.50:0.1490 | mAP@.50-.95:0.0449 | LR:2.00e-04
2025-05-28 13:02:30,748 [INFO] Second_training_iteration.py:446 - <<< Best Model Saved! Epoch: 6, Metric (mAP@.50): 0.1490
2025-05-28 13:03:37,256 [INFO] Second_training_iteration.py:275 - COCO evaluation summary saved to: New_runs_mAP50/MultiClass_640_LR0.0002_DefaultPaths_mAP50Optimized_img640x640_bs4_lr0.0002/coco_evaluation_summary.txt
2025-05-28 13:03:37,259 [INFO] Second_training_iteration.py:421 - [Epoch 7/400] TrainLoss: 0.2408 | Val F1: 0.2719 (P:0.244 R:0.306) | mAP@.50:0.1877 | mAP@.50-.95:0.0600 | LR:2.00e-04
2025-05-28 13:03:37,526 [INFO] Second_training_iteration.py:446 - <<< Best Model Saved! Epoch: 7, Metric (mAP@.50): 0.1877
2025-05-28 13:04:44,393 [INFO] Second_training_iteration.py:275 - COCO evaluation summary saved to: New_runs_mAP50/MultiClass_640_LR0.0002_DefaultPaths_mAP50Optimized_img640x640_bs4_lr0.0002/coco_evaluation_summary.txt
2025-05-28 13:04:44,395 [INFO] Second_training_iteration.py:421 - [Epoch 8/400] TrainLoss: 0.2190 | Val F1: 0.3372 (P:0.349 R:0.326) | mAP@.50:0.2500 | mAP@.50-.95:0.0933 | LR:2.00e-04
2025-05-28 13:04:44,641 [INFO] Second_training_iteration.py:446 - <<< Best Model Saved! Epoch: 8, Metric (mAP@.50): 0.2500
2025-05-28 13:05:51,402 [INFO] Second_training_iteration.py:275 - COCO evaluation summary saved to: New_runs_mAP50/MultiClass_640_LR0.0002_DefaultPaths_mAP50Optimized_img640x640_bs4_lr0.0002/coco_evaluation_summary.txt
2025-05-28 13:05:51,405 [INFO] Second_training_iteration.py:421 - [Epoch 9/400] TrainLoss: 0.2093 | Val F1: 0.3707 (P:0.420 R:0.331) | mAP@.50:0.3034 | mAP@.50-.95:0.1265 | LR:2.00e-04
2025-05-28 13:05:51,736 [INFO] Second_training_iteration.py:446 - <<< Best Model Saved! Epoch: 9, Metric (mAP@.50): 0.3034
2025-05-28 13:06:58,640 [INFO] Second_training_iteration.py:275 - COCO evaluation summary saved to: New_runs_mAP50/MultiClass_640_LR0.0002_DefaultPaths_mAP50Optimized_img640x640_bs4_lr0.0002/coco_evaluation_summary.txt
2025-05-28 13:06:58,644 [INFO] Second_training_iteration.py:421 - [Epoch 10/400] TrainLoss: 0.2051 | Val F1: 0.3750 (P:0.340 R:0.418) | mAP@.50:0.2988 | mAP@.50-.95:0.1136 | LR:2.00e-04
2025-05-28 13:06:58,645 [INFO] Second_training_iteration.py:459 - Epoch 10: Metric (mAP@.50): 0.2988 did not improve from best (mAP@.50): 0.3034. No improvement for 1 epochs.
2025-05-28 13:08:05,247 [INFO] Second_training_iteration.py:275 - COCO evaluation summary saved to: New_runs_mAP50/MultiClass_640_LR0.0002_DefaultPaths_mAP50Optimized_img640x640_bs4_lr0.0002/coco_evaluation_summary.txt
2025-05-28 13:08:05,249 [INFO] Second_training_iteration.py:421 - [Epoch 11/400] TrainLoss: 0.1901 | Val F1: 0.3971 (P:0.317 R:0.532) | mAP@.50:0.3362 | mAP@.50-.95:0.1354 | LR:2.00e-04
2025-05-28 13:08:05,520 [INFO] Second_training_iteration.py:446 - <<< Best Model Saved! Epoch: 11, Metric (mAP@.50): 0.3362
2025-05-28 13:09:12,345 [INFO] Second_training_iteration.py:275 - COCO evaluation summary saved to: New_runs_mAP50/MultiClass_640_LR0.0002_DefaultPaths_mAP50Optimized_img640x640_bs4_lr0.0002/coco_evaluation_summary.txt
2025-05-28 13:09:12,348 [INFO] Second_training_iteration.py:421 - [Epoch 12/400] TrainLoss: 0.1906 | Val F1: 0.3567 (P:0.311 R:0.418) | mAP@.50:0.3623 | mAP@.50-.95:0.1420 | LR:2.00e-04
2025-05-28 13:09:12,593 [INFO] Second_training_iteration.py:446 - <<< Best Model Saved! Epoch: 12, Metric (mAP@.50): 0.3623
2025-05-28 13:10:19,339 [INFO] Second_training_iteration.py:275 - COCO evaluation summary saved to: New_runs_mAP50/MultiClass_640_LR0.0002_DefaultPaths_mAP50Optimized_img640x640_bs4_lr0.0002/coco_evaluation_summary.txt
2025-05-28 13:10:19,342 [INFO] Second_training_iteration.py:421 - [Epoch 13/400] TrainLoss: 0.1789 | Val F1: 0.4239 (P:0.340 R:0.563) | mAP@.50:0.4065 | mAP@.50-.95:0.1765 | LR:2.00e-04
2025-05-28 13:10:19,603 [INFO] Second_training_iteration.py:446 - <<< Best Model Saved! Epoch: 13, Metric (mAP@.50): 0.4065
2025-05-28 13:11:26,342 [INFO] Second_training_iteration.py:275 - COCO evaluation summary saved to: New_runs_mAP50/MultiClass_640_LR0.0002_DefaultPaths_mAP50Optimized_img640x640_bs4_lr0.0002/coco_evaluation_summary.txt
2025-05-28 13:11:26,343 [INFO] Second_training_iteration.py:421 - [Epoch 14/400] TrainLoss: 0.1635 | Val F1: 0.5344 (P:0.492 R:0.585) | mAP@.50:0.4718 | mAP@.50-.95:0.2190 | LR:2.00e-04
2025-05-28 13:11:26,603 [INFO] Second_training_iteration.py:446 - <<< Best Model Saved! Epoch: 14, Metric (mAP@.50): 0.4718
2025-05-28 13:12:33,565 [INFO] Second_training_iteration.py:275 - COCO evaluation summary saved to: New_runs_mAP50/MultiClass_640_LR0.0002_DefaultPaths_mAP50Optimized_img640x640_bs4_lr0.0002/coco_evaluation_summary.txt
2025-05-28 13:12:33,569 [INFO] Second_training_iteration.py:421 - [Epoch 15/400] TrainLoss: 0.1622 | Val F1: 0.3755 (P:0.267 R:0.632) | mAP@.50:0.4341 | mAP@.50-.95:0.1999 | LR:2.00e-04
2025-05-28 13:12:33,571 [INFO] Second_training_iteration.py:459 - Epoch 15: Metric (mAP@.50): 0.4341 did not improve from best (mAP@.50): 0.4718. No improvement for 1 epochs.
2025-05-28 13:13:40,174 [INFO] Second_training_iteration.py:275 - COCO evaluation summary saved to: New_runs_mAP50/MultiClass_640_LR0.0002_DefaultPaths_mAP50Optimized_img640x640_bs4_lr0.0002/coco_evaluation_summary.txt
2025-05-28 13:13:40,177 [INFO] Second_training_iteration.py:421 - [Epoch 16/400] TrainLoss: 0.1605 | Val F1: 0.4440 (P:0.345 R:0.624) | mAP@.50:0.4624 | mAP@.50-.95:0.2202 | LR:2.00e-04
2025-05-28 13:13:40,179 [INFO] Second_training_iteration.py:459 - Epoch 16: Metric (mAP@.50): 0.4624 did not improve from best (mAP@.50): 0.4718. No improvement for 2 epochs.
2025-05-28 13:14:46,821 [INFO] Second_training_iteration.py:275 - COCO evaluation summary saved to: New_runs_mAP50/MultiClass_640_LR0.0002_DefaultPaths_mAP50Optimized_img640x640_bs4_lr0.0002/coco_evaluation_summary.txt
2025-05-28 13:14:46,824 [INFO] Second_training_iteration.py:421 - [Epoch 17/400] TrainLoss: 0.1556 | Val F1: 0.4988 (P:0.426 R:0.602) | mAP@.50:0.4631 | mAP@.50-.95:0.2384 | LR:2.00e-04
2025-05-28 13:14:46,826 [INFO] Second_training_iteration.py:459 - Epoch 17: Metric (mAP@.50): 0.4631 did not improve from best (mAP@.50): 0.4718. No improvement for 3 epochs.
2025-05-28 13:15:53,455 [INFO] Second_training_iteration.py:275 - COCO evaluation summary saved to: New_runs_mAP50/MultiClass_640_LR0.0002_DefaultPaths_mAP50Optimized_img640x640_bs4_lr0.0002/coco_evaluation_summary.txt
2025-05-28 13:15:53,457 [INFO] Second_training_iteration.py:421 - [Epoch 18/400] TrainLoss: 0.1436 | Val F1: 0.5426 (P:0.482 R:0.621) | mAP@.50:0.5078 | mAP@.50-.95:0.2649 | LR:2.00e-04
2025-05-28 13:15:53,695 [INFO] Second_training_iteration.py:446 - <<< Best Model Saved! Epoch: 18, Metric (mAP@.50): 0.5078
2025-05-28 13:17:00,190 [INFO] Second_training_iteration.py:275 - COCO evaluation summary saved to: New_runs_mAP50/MultiClass_640_LR0.0002_DefaultPaths_mAP50Optimized_img640x640_bs4_lr0.0002/coco_evaluation_summary.txt
2025-05-28 13:17:00,192 [INFO] Second_training_iteration.py:421 - [Epoch 19/400] TrainLoss: 0.1277 | Val F1: 0.5327 (P:0.448 R:0.657) | mAP@.50:0.5276 | mAP@.50-.95:0.2636 | LR:2.00e-04
2025-05-28 13:17:00,434 [INFO] Second_training_iteration.py:446 - <<< Best Model Saved! Epoch: 19, Metric (mAP@.50): 0.5276
2025-05-28 13:18:07,064 [INFO] Second_training_iteration.py:275 - COCO evaluation summary saved to: New_runs_mAP50/MultiClass_640_LR0.0002_DefaultPaths_mAP50Optimized_img640x640_bs4_lr0.0002/coco_evaluation_summary.txt
2025-05-28 13:18:07,066 [INFO] Second_training_iteration.py:421 - [Epoch 20/400] TrainLoss: 0.1239 | Val F1: 0.5070 (P:0.411 R:0.660) | mAP@.50:0.5079 | mAP@.50-.95:0.2451 | LR:2.00e-04
2025-05-28 13:18:07,068 [INFO] Second_training_iteration.py:459 - Epoch 20: Metric (mAP@.50): 0.5079 did not improve from best (mAP@.50): 0.5276. No improvement for 1 epochs.
2025-05-28 13:19:13,541 [INFO] Second_training_iteration.py:275 - COCO evaluation summary saved to: New_runs_mAP50/MultiClass_640_LR0.0002_DefaultPaths_mAP50Optimized_img640x640_bs4_lr0.0002/coco_evaluation_summary.txt
2025-05-28 13:19:13,543 [INFO] Second_training_iteration.py:421 - [Epoch 21/400] TrainLoss: 0.1195 | Val F1: 0.4845 (P:0.371 R:0.696) | mAP@.50:0.5184 | mAP@.50-.95:0.2562 | LR:2.00e-04
2025-05-28 13:19:13,545 [INFO] Second_training_iteration.py:459 - Epoch 21: Metric (mAP@.50): 0.5184 did not improve from best (mAP@.50): 0.5276. No improvement for 2 epochs.
2025-05-28 13:20:20,009 [INFO] Second_training_iteration.py:275 - COCO evaluation summary saved to: New_runs_mAP50/MultiClass_640_LR0.0002_DefaultPaths_mAP50Optimized_img640x640_bs4_lr0.0002/coco_evaluation_summary.txt
2025-05-28 13:20:20,010 [INFO] Second_training_iteration.py:421 - [Epoch 22/400] TrainLoss: 0.1180 | Val F1: 0.4655 (P:0.350 R:0.696) | mAP@.50:0.5286 | mAP@.50-.95:0.2748 | LR:2.00e-04
2025-05-28 13:20:20,264 [INFO] Second_training_iteration.py:446 - <<< Best Model Saved! Epoch: 22, Metric (mAP@.50): 0.5286
2025-05-28 13:21:26,825 [INFO] Second_training_iteration.py:275 - COCO evaluation summary saved to: New_runs_mAP50/MultiClass_640_LR0.0002_DefaultPaths_mAP50Optimized_img640x640_bs4_lr0.0002/coco_evaluation_summary.txt
2025-05-28 13:21:26,826 [INFO] Second_training_iteration.py:421 - [Epoch 23/400] TrainLoss: 0.1081 | Val F1: 0.5197 (P:0.436 R:0.643) | mAP@.50:0.5561 | mAP@.50-.95:0.2820 | LR:2.00e-04
2025-05-28 13:21:27,082 [INFO] Second_training_iteration.py:446 - <<< Best Model Saved! Epoch: 23, Metric (mAP@.50): 0.5561
2025-05-28 13:22:33,703 [INFO] Second_training_iteration.py:275 - COCO evaluation summary saved to: New_runs_mAP50/MultiClass_640_LR0.0002_DefaultPaths_mAP50Optimized_img640x640_bs4_lr0.0002/coco_evaluation_summary.txt
2025-05-28 13:22:33,706 [INFO] Second_training_iteration.py:421 - [Epoch 24/400] TrainLoss: 0.1026 | Val F1: 0.5332 (P:0.452 R:0.649) | mAP@.50:0.5661 | mAP@.50-.95:0.3043 | LR:2.00e-04
2025-05-28 13:22:33,958 [INFO] Second_training_iteration.py:446 - <<< Best Model Saved! Epoch: 24, Metric (mAP@.50): 0.5661
2025-05-28 13:23:40,383 [INFO] Second_training_iteration.py:275 - COCO evaluation summary saved to: New_runs_mAP50/MultiClass_640_LR0.0002_DefaultPaths_mAP50Optimized_img640x640_bs4_lr0.0002/coco_evaluation_summary.txt
2025-05-28 13:23:40,384 [INFO] Second_training_iteration.py:421 - [Epoch 25/400] TrainLoss: 0.1024 | Val F1: 0.5819 (P:0.519 R:0.663) | mAP@.50:0.5455 | mAP@.50-.95:0.3061 | LR:2.00e-04
2025-05-28 13:23:40,387 [INFO] Second_training_iteration.py:459 - Epoch 25: Metric (mAP@.50): 0.5455 did not improve from best (mAP@.50): 0.5661. No improvement for 1 epochs.
2025-05-28 13:24:46,671 [INFO] Second_training_iteration.py:275 - COCO evaluation summary saved to: New_runs_mAP50/MultiClass_640_LR0.0002_DefaultPaths_mAP50Optimized_img640x640_bs4_lr0.0002/coco_evaluation_summary.txt
2025-05-28 13:24:46,672 [INFO] Second_training_iteration.py:421 - [Epoch 26/400] TrainLoss: 0.1019 | Val F1: 0.6023 (P:0.554 R:0.660) | mAP@.50:0.5755 | mAP@.50-.95:0.2917 | LR:2.00e-04
2025-05-28 13:24:46,929 [INFO] Second_training_iteration.py:446 - <<< Best Model Saved! Epoch: 26, Metric (mAP@.50): 0.5755
2025-05-28 13:25:53,595 [INFO] Second_training_iteration.py:275 - COCO evaluation summary saved to: New_runs_mAP50/MultiClass_640_LR0.0002_DefaultPaths_mAP50Optimized_img640x640_bs4_lr0.0002/coco_evaluation_summary.txt
2025-05-28 13:25:53,596 [INFO] Second_training_iteration.py:421 - [Epoch 27/400] TrainLoss: 0.0970 | Val F1: 0.5036 (P:0.399 R:0.682) | mAP@.50:0.5497 | mAP@.50-.95:0.2774 | LR:2.00e-04
2025-05-28 13:25:53,599 [INFO] Second_training_iteration.py:459 - Epoch 27: Metric (mAP@.50): 0.5497 did not improve from best (mAP@.50): 0.5755. No improvement for 1 epochs.
2025-05-28 13:27:00,169 [INFO] Second_training_iteration.py:275 - COCO evaluation summary saved to: New_runs_mAP50/MultiClass_640_LR0.0002_DefaultPaths_mAP50Optimized_img640x640_bs4_lr0.0002/coco_evaluation_summary.txt
2025-05-28 13:27:00,170 [INFO] Second_training_iteration.py:421 - [Epoch 28/400] TrainLoss: 0.0918 | Val F1: 0.5718 (P:0.484 R:0.699) | mAP@.50:0.5941 | mAP@.50-.95:0.3094 | LR:2.00e-04
2025-05-28 13:27:00,481 [INFO] Second_training_iteration.py:446 - <<< Best Model Saved! Epoch: 28, Metric (mAP@.50): 0.5941
2025-05-28 13:28:06,917 [INFO] Second_training_iteration.py:275 - COCO evaluation summary saved to: New_runs_mAP50/MultiClass_640_LR0.0002_DefaultPaths_mAP50Optimized_img640x640_bs4_lr0.0002/coco_evaluation_summary.txt
2025-05-28 13:28:06,918 [INFO] Second_training_iteration.py:421 - [Epoch 29/400] TrainLoss: 0.0864 | Val F1: 0.5820 (P:0.511 R:0.677) | mAP@.50:0.5801 | mAP@.50-.95:0.3256 | LR:2.00e-04
2025-05-28 13:28:06,921 [INFO] Second_training_iteration.py:459 - Epoch 29: Metric (mAP@.50): 0.5801 did not improve from best (mAP@.50): 0.5941. No improvement for 1 epochs.
2025-05-28 13:29:13,610 [INFO] Second_training_iteration.py:275 - COCO evaluation summary saved to: New_runs_mAP50/MultiClass_640_LR0.0002_DefaultPaths_mAP50Optimized_img640x640_bs4_lr0.0002/coco_evaluation_summary.txt
2025-05-28 13:29:13,612 [INFO] Second_training_iteration.py:421 - [Epoch 30/400] TrainLoss: 0.0844 | Val F1: 0.5862 (P:0.506 R:0.696) | mAP@.50:0.5768 | mAP@.50-.95:0.3158 | LR:2.00e-04
2025-05-28 13:29:13,615 [INFO] Second_training_iteration.py:459 - Epoch 30: Metric (mAP@.50): 0.5768 did not improve from best (mAP@.50): 0.5941. No improvement for 2 epochs.
2025-05-28 13:30:20,166 [INFO] Second_training_iteration.py:275 - COCO evaluation summary saved to: New_runs_mAP50/MultiClass_640_LR0.0002_DefaultPaths_mAP50Optimized_img640x640_bs4_lr0.0002/coco_evaluation_summary.txt
2025-05-28 13:30:20,167 [INFO] Second_training_iteration.py:421 - [Epoch 31/400] TrainLoss: 0.0833 | Val F1: 0.5694 (P:0.496 R:0.669) | mAP@.50:0.6026 | mAP@.50-.95:0.3313 | LR:2.00e-04
2025-05-28 13:30:20,417 [INFO] Second_training_iteration.py:446 - <<< Best Model Saved! Epoch: 31, Metric (mAP@.50): 0.6026
2025-05-28 13:31:27,073 [INFO] Second_training_iteration.py:275 - COCO evaluation summary saved to: New_runs_mAP50/MultiClass_640_LR0.0002_DefaultPaths_mAP50Optimized_img640x640_bs4_lr0.0002/coco_evaluation_summary.txt
2025-05-28 13:31:27,077 [INFO] Second_training_iteration.py:421 - [Epoch 32/400] TrainLoss: 0.0796 | Val F1: 0.6105 (P:0.543 R:0.696) | mAP@.50:0.6072 | mAP@.50-.95:0.3377 | LR:2.00e-04
2025-05-28 13:31:27,343 [INFO] Second_training_iteration.py:446 - <<< Best Model Saved! Epoch: 32, Metric (mAP@.50): 0.6072
2025-05-28 13:32:33,983 [INFO] Second_training_iteration.py:275 - COCO evaluation summary saved to: New_runs_mAP50/MultiClass_640_LR0.0002_DefaultPaths_mAP50Optimized_img640x640_bs4_lr0.0002/coco_evaluation_summary.txt
2025-05-28 13:32:33,984 [INFO] Second_training_iteration.py:421 - [Epoch 33/400] TrainLoss: 0.0802 | Val F1: 0.5902 (P:0.517 R:0.688) | mAP@.50:0.5770 | mAP@.50-.95:0.3472 | LR:2.00e-04
2025-05-28 13:32:33,988 [INFO] Second_training_iteration.py:459 - Epoch 33: Metric (mAP@.50): 0.5770 did not improve from best (mAP@.50): 0.6072. No improvement for 1 epochs.
2025-05-28 13:33:40,586 [INFO] Second_training_iteration.py:275 - COCO evaluation summary saved to: New_runs_mAP50/MultiClass_640_LR0.0002_DefaultPaths_mAP50Optimized_img640x640_bs4_lr0.0002/coco_evaluation_summary.txt
2025-05-28 13:33:40,588 [INFO] Second_training_iteration.py:421 - [Epoch 34/400] TrainLoss: 0.0765 | Val F1: 0.6309 (P:0.595 R:0.671) | mAP@.50:0.5762 | mAP@.50-.95:0.3325 | LR:2.00e-04
2025-05-28 13:33:40,591 [INFO] Second_training_iteration.py:459 - Epoch 34: Metric (mAP@.50): 0.5762 did not improve from best (mAP@.50): 0.6072. No improvement for 2 epochs.
2025-05-28 13:34:47,149 [INFO] Second_training_iteration.py:275 - COCO evaluation summary saved to: New_runs_mAP50/MultiClass_640_LR0.0002_DefaultPaths_mAP50Optimized_img640x640_bs4_lr0.0002/coco_evaluation_summary.txt
2025-05-28 13:34:47,150 [INFO] Second_training_iteration.py:421 - [Epoch 35/400] TrainLoss: 0.0775 | Val F1: 0.5691 (P:0.488 R:0.682) | mAP@.50:0.5514 | mAP@.50-.95:0.3229 | LR:2.00e-04
2025-05-28 13:34:47,154 [INFO] Second_training_iteration.py:459 - Epoch 35: Metric (mAP@.50): 0.5514 did not improve from best (mAP@.50): 0.6072. No improvement for 3 epochs.
2025-05-28 13:35:53,587 [INFO] Second_training_iteration.py:275 - COCO evaluation summary saved to: New_runs_mAP50/MultiClass_640_LR0.0002_DefaultPaths_mAP50Optimized_img640x640_bs4_lr0.0002/coco_evaluation_summary.txt
2025-05-28 13:35:53,588 [INFO] Second_training_iteration.py:421 - [Epoch 36/400] TrainLoss: 0.0783 | Val F1: 0.5463 (P:0.452 R:0.691) | mAP@.50:0.5921 | mAP@.50-.95:0.3197 | LR:2.00e-04
2025-05-28 13:35:53,592 [INFO] Second_training_iteration.py:459 - Epoch 36: Metric (mAP@.50): 0.5921 did not improve from best (mAP@.50): 0.6072. No improvement for 4 epochs.
2025-05-28 13:37:00,118 [INFO] Second_training_iteration.py:275 - COCO evaluation summary saved to: New_runs_mAP50/MultiClass_640_LR0.0002_DefaultPaths_mAP50Optimized_img640x640_bs4_lr0.0002/coco_evaluation_summary.txt
2025-05-28 13:37:00,120 [INFO] Second_training_iteration.py:421 - [Epoch 37/400] TrainLoss: 0.0764 | Val F1: 0.5616 (P:0.489 R:0.660) | mAP@.50:0.5896 | mAP@.50-.95:0.3350 | LR:2.00e-04
2025-05-28 13:37:00,124 [INFO] Second_training_iteration.py:459 - Epoch 37: Metric (mAP@.50): 0.5896 did not improve from best (mAP@.50): 0.6072. No improvement for 5 epochs.
2025-05-28 13:38:06,823 [INFO] Second_training_iteration.py:275 - COCO evaluation summary saved to: New_runs_mAP50/MultiClass_640_LR0.0002_DefaultPaths_mAP50Optimized_img640x640_bs4_lr0.0002/coco_evaluation_summary.txt
2025-05-28 13:38:06,825 [INFO] Second_training_iteration.py:421 - [Epoch 38/400] TrainLoss: 0.0736 | Val F1: 0.6063 (P:0.535 R:0.699) | mAP@.50:0.5775 | mAP@.50-.95:0.3529 | LR:2.00e-04
2025-05-28 13:38:06,829 [INFO] Second_training_iteration.py:459 - Epoch 38: Metric (mAP@.50): 0.5775 did not improve from best (mAP@.50): 0.6072. No improvement for 6 epochs.
2025-05-28 13:39:13,261 [INFO] Second_training_iteration.py:275 - COCO evaluation summary saved to: New_runs_mAP50/MultiClass_640_LR0.0002_DefaultPaths_mAP50Optimized_img640x640_bs4_lr0.0002/coco_evaluation_summary.txt
2025-05-28 13:39:13,263 [INFO] Second_training_iteration.py:421 - [Epoch 39/400] TrainLoss: 0.0731 | Val F1: 0.6046 (P:0.558 R:0.660) | mAP@.50:0.5617 | mAP@.50-.95:0.3320 | LR:2.00e-04
2025-05-28 13:39:13,266 [INFO] Second_training_iteration.py:459 - Epoch 39: Metric (mAP@.50): 0.5617 did not improve from best (mAP@.50): 0.6072. No improvement for 7 epochs.
2025-05-28 13:40:19,681 [INFO] Second_training_iteration.py:275 - COCO evaluation summary saved to: New_runs_mAP50/MultiClass_640_LR0.0002_DefaultPaths_mAP50Optimized_img640x640_bs4_lr0.0002/coco_evaluation_summary.txt
2025-05-28 13:40:19,682 [INFO] Second_training_iteration.py:421 - [Epoch 40/400] TrainLoss: 0.0683 | Val F1: 0.6446 (P:0.613 R:0.680) | mAP@.50:0.5665 | mAP@.50-.95:0.3598 | LR:2.00e-04
2025-05-28 13:40:19,686 [INFO] Second_training_iteration.py:459 - Epoch 40: Metric (mAP@.50): 0.5665 did not improve from best (mAP@.50): 0.6072. No improvement for 8 epochs.
2025-05-28 13:41:26,195 [INFO] Second_training_iteration.py:275 - COCO evaluation summary saved to: New_runs_mAP50/MultiClass_640_LR0.0002_DefaultPaths_mAP50Optimized_img640x640_bs4_lr0.0002/coco_evaluation_summary.txt
2025-05-28 13:41:26,198 [INFO] Second_training_iteration.py:421 - [Epoch 41/400] TrainLoss: 0.0620 | Val F1: 0.6324 (P:0.587 R:0.685) | mAP@.50:0.5818 | mAP@.50-.95:0.3493 | LR:2.00e-04
2025-05-28 13:41:26,202 [INFO] Second_training_iteration.py:459 - Epoch 41: Metric (mAP@.50): 0.5818 did not improve from best (mAP@.50): 0.6072. No improvement for 9 epochs.
2025-05-28 13:42:32,724 [INFO] Second_training_iteration.py:275 - COCO evaluation summary saved to: New_runs_mAP50/MultiClass_640_LR0.0002_DefaultPaths_mAP50Optimized_img640x640_bs4_lr0.0002/coco_evaluation_summary.txt
2025-05-28 13:42:32,726 [INFO] Second_training_iteration.py:421 - [Epoch 42/400] TrainLoss: 0.0602 | Val F1: 0.6417 (P:0.599 R:0.691) | mAP@.50:0.5834 | mAP@.50-.95:0.3493 | LR:2.00e-04
2025-05-28 13:42:32,730 [INFO] Second_training_iteration.py:459 - Epoch 42: Metric (mAP@.50): 0.5834 did not improve from best (mAP@.50): 0.6072. No improvement for 10 epochs.
2025-05-28 13:43:39,354 [INFO] Second_training_iteration.py:275 - COCO evaluation summary saved to: New_runs_mAP50/MultiClass_640_LR0.0002_DefaultPaths_mAP50Optimized_img640x640_bs4_lr0.0002/coco_evaluation_summary.txt
2025-05-28 13:43:39,355 [INFO] Second_training_iteration.py:421 - [Epoch 43/400] TrainLoss: 0.0596 | Val F1: 0.6222 (P:0.568 R:0.688) | mAP@.50:0.5891 | mAP@.50-.95:0.3543 | LR:2.00e-05
2025-05-28 13:43:39,359 [INFO] Second_training_iteration.py:459 - Epoch 43: Metric (mAP@.50): 0.5891 did not improve from best (mAP@.50): 0.6072. No improvement for 11 epochs.
2025-05-28 13:44:45,904 [INFO] Second_training_iteration.py:275 - COCO evaluation summary saved to: New_runs_mAP50/MultiClass_640_LR0.0002_DefaultPaths_mAP50Optimized_img640x640_bs4_lr0.0002/coco_evaluation_summary.txt
2025-05-28 13:44:45,905 [INFO] Second_training_iteration.py:421 - [Epoch 44/400] TrainLoss: 0.0525 | Val F1: 0.6541 (P:0.635 R:0.674) | mAP@.50:0.5769 | mAP@.50-.95:0.3650 | LR:2.00e-05
2025-05-28 13:44:45,910 [INFO] Second_training_iteration.py:459 - Epoch 44: Metric (mAP@.50): 0.5769 did not improve from best (mAP@.50): 0.6072. No improvement for 12 epochs.
2025-05-28 13:45:52,211 [INFO] Second_training_iteration.py:275 - COCO evaluation summary saved to: New_runs_mAP50/MultiClass_640_LR0.0002_DefaultPaths_mAP50Optimized_img640x640_bs4_lr0.0002/coco_evaluation_summary.txt
2025-05-28 13:45:52,213 [INFO] Second_training_iteration.py:421 - [Epoch 45/400] TrainLoss: 0.0459 | Val F1: 0.6313 (P:0.589 R:0.680) | mAP@.50:0.5846 | mAP@.50-.95:0.3631 | LR:2.00e-05
2025-05-28 13:45:52,218 [INFO] Second_training_iteration.py:459 - Epoch 45: Metric (mAP@.50): 0.5846 did not improve from best (mAP@.50): 0.6072. No improvement for 13 epochs.
2025-05-28 13:46:58,831 [INFO] Second_training_iteration.py:275 - COCO evaluation summary saved to: New_runs_mAP50/MultiClass_640_LR0.0002_DefaultPaths_mAP50Optimized_img640x640_bs4_lr0.0002/coco_evaluation_summary.txt
2025-05-28 13:46:58,833 [INFO] Second_training_iteration.py:421 - [Epoch 46/400] TrainLoss: 0.0434 | Val F1: 0.6451 (P:0.603 R:0.694) | mAP@.50:0.5813 | mAP@.50-.95:0.3610 | LR:2.00e-05
2025-05-28 13:46:58,837 [INFO] Second_training_iteration.py:459 - Epoch 46: Metric (mAP@.50): 0.5813 did not improve from best (mAP@.50): 0.6072. No improvement for 14 epochs.
2025-05-28 13:48:05,396 [INFO] Second_training_iteration.py:275 - COCO evaluation summary saved to: New_runs_mAP50/MultiClass_640_LR0.0002_DefaultPaths_mAP50Optimized_img640x640_bs4_lr0.0002/coco_evaluation_summary.txt
2025-05-28 13:48:05,397 [INFO] Second_training_iteration.py:421 - [Epoch 47/400] TrainLoss: 0.0411 | Val F1: 0.6519 (P:0.613 R:0.696) | mAP@.50:0.5853 | mAP@.50-.95:0.3674 | LR:2.00e-05
2025-05-28 13:48:05,402 [INFO] Second_training_iteration.py:459 - Epoch 47: Metric (mAP@.50): 0.5853 did not improve from best (mAP@.50): 0.6072. No improvement for 15 epochs.
2025-05-28 13:49:12,030 [INFO] Second_training_iteration.py:275 - COCO evaluation summary saved to: New_runs_mAP50/MultiClass_640_LR0.0002_DefaultPaths_mAP50Optimized_img640x640_bs4_lr0.0002/coco_evaluation_summary.txt
2025-05-28 13:49:12,031 [INFO] Second_training_iteration.py:421 - [Epoch 48/400] TrainLoss: 0.0403 | Val F1: 0.6458 (P:0.606 R:0.691) | mAP@.50:0.5916 | mAP@.50-.95:0.3749 | LR:2.00e-05
2025-05-28 13:49:12,036 [INFO] Second_training_iteration.py:459 - Epoch 48: Metric (mAP@.50): 0.5916 did not improve from best (mAP@.50): 0.6072. No improvement for 16 epochs.
2025-05-28 13:50:18,432 [INFO] Second_training_iteration.py:275 - COCO evaluation summary saved to: New_runs_mAP50/MultiClass_640_LR0.0002_DefaultPaths_mAP50Optimized_img640x640_bs4_lr0.0002/coco_evaluation_summary.txt
2025-05-28 13:50:18,434 [INFO] Second_training_iteration.py:421 - [Epoch 49/400] TrainLoss: 0.0395 | Val F1: 0.6464 (P:0.616 R:0.680) | mAP@.50:0.5895 | mAP@.50-.95:0.3726 | LR:2.00e-05
2025-05-28 13:50:18,439 [INFO] Second_training_iteration.py:459 - Epoch 49: Metric (mAP@.50): 0.5895 did not improve from best (mAP@.50): 0.6072. No improvement for 17 epochs.
2025-05-28 13:51:24,858 [INFO] Second_training_iteration.py:275 - COCO evaluation summary saved to: New_runs_mAP50/MultiClass_640_LR0.0002_DefaultPaths_mAP50Optimized_img640x640_bs4_lr0.0002/coco_evaluation_summary.txt
2025-05-28 13:51:24,860 [INFO] Second_training_iteration.py:421 - [Epoch 50/400] TrainLoss: 0.0391 | Val F1: 0.6447 (P:0.611 R:0.682) | mAP@.50:0.5914 | mAP@.50-.95:0.3740 | LR:2.00e-05
2025-05-28 13:51:24,864 [INFO] Second_training_iteration.py:459 - Epoch 50: Metric (mAP@.50): 0.5914 did not improve from best (mAP@.50): 0.6072. No improvement for 18 epochs.
2025-05-28 13:52:31,292 [INFO] Second_training_iteration.py:275 - COCO evaluation summary saved to: New_runs_mAP50/MultiClass_640_LR0.0002_DefaultPaths_mAP50Optimized_img640x640_bs4_lr0.0002/coco_evaluation_summary.txt
2025-05-28 13:52:31,294 [INFO] Second_training_iteration.py:421 - [Epoch 51/400] TrainLoss: 0.0385 | Val F1: 0.6431 (P:0.606 R:0.685) | mAP@.50:0.5857 | mAP@.50-.95:0.3719 | LR:2.00e-05
2025-05-28 13:52:31,298 [INFO] Second_training_iteration.py:459 - Epoch 51: Metric (mAP@.50): 0.5857 did not improve from best (mAP@.50): 0.6072. No improvement for 19 epochs.
2025-05-28 13:53:37,684 [INFO] Second_training_iteration.py:275 - COCO evaluation summary saved to: New_runs_mAP50/MultiClass_640_LR0.0002_DefaultPaths_mAP50Optimized_img640x640_bs4_lr0.0002/coco_evaluation_summary.txt
2025-05-28 13:53:37,686 [INFO] Second_training_iteration.py:421 - [Epoch 52/400] TrainLoss: 0.0377 | Val F1: 0.6412 (P:0.609 R:0.677) | mAP@.50:0.5952 | mAP@.50-.95:0.3719 | LR:2.00e-05
2025-05-28 13:53:37,691 [INFO] Second_training_iteration.py:459 - Epoch 52: Metric (mAP@.50): 0.5952 did not improve from best (mAP@.50): 0.6072. No improvement for 20 epochs.
2025-05-28 13:54:44,205 [INFO] Second_training_iteration.py:275 - COCO evaluation summary saved to: New_runs_mAP50/MultiClass_640_LR0.0002_DefaultPaths_mAP50Optimized_img640x640_bs4_lr0.0002/coco_evaluation_summary.txt
2025-05-28 13:54:44,207 [INFO] Second_training_iteration.py:421 - [Epoch 53/400] TrainLoss: 0.0375 | Val F1: 0.6455 (P:0.615 R:0.680) | mAP@.50:0.5912 | mAP@.50-.95:0.3718 | LR:2.00e-05
2025-05-28 13:54:44,212 [INFO] Second_training_iteration.py:459 - Epoch 53: Metric (mAP@.50): 0.5912 did not improve from best (mAP@.50): 0.6072. No improvement for 21 epochs.
2025-05-28 13:55:50,799 [INFO] Second_training_iteration.py:275 - COCO evaluation summary saved to: New_runs_mAP50/MultiClass_640_LR0.0002_DefaultPaths_mAP50Optimized_img640x640_bs4_lr0.0002/coco_evaluation_summary.txt
2025-05-28 13:55:50,801 [INFO] Second_training_iteration.py:421 - [Epoch 54/400] TrainLoss: 0.0369 | Val F1: 0.6577 (P:0.635 R:0.682) | mAP@.50:0.5979 | mAP@.50-.95:0.3754 | LR:2.00e-06
2025-05-28 13:55:50,806 [INFO] Second_training_iteration.py:459 - Epoch 54: Metric (mAP@.50): 0.5979 did not improve from best (mAP@.50): 0.6072. No improvement for 22 epochs.
2025-05-28 13:56:57,385 [INFO] Second_training_iteration.py:275 - COCO evaluation summary saved to: New_runs_mAP50/MultiClass_640_LR0.0002_DefaultPaths_mAP50Optimized_img640x640_bs4_lr0.0002/coco_evaluation_summary.txt
2025-05-28 13:56:57,386 [INFO] Second_training_iteration.py:421 - [Epoch 55/400] TrainLoss: 0.0364 | Val F1: 0.6515 (P:0.628 R:0.677) | mAP@.50:0.5993 | mAP@.50-.95:0.3743 | LR:2.00e-06
2025-05-28 13:56:57,392 [INFO] Second_training_iteration.py:459 - Epoch 55: Metric (mAP@.50): 0.5993 did not improve from best (mAP@.50): 0.6072. No improvement for 23 epochs.
2025-05-28 13:58:04,015 [INFO] Second_training_iteration.py:275 - COCO evaluation summary saved to: New_runs_mAP50/MultiClass_640_LR0.0002_DefaultPaths_mAP50Optimized_img640x640_bs4_lr0.0002/coco_evaluation_summary.txt
2025-05-28 13:58:04,016 [INFO] Second_training_iteration.py:421 - [Epoch 56/400] TrainLoss: 0.0363 | Val F1: 0.6542 (P:0.630 R:0.680) | mAP@.50:0.5946 | mAP@.50-.95:0.3722 | LR:2.00e-06
2025-05-28 13:58:04,022 [INFO] Second_training_iteration.py:459 - Epoch 56: Metric (mAP@.50): 0.5946 did not improve from best (mAP@.50): 0.6072. No improvement for 24 epochs.
2025-05-28 13:59:10,417 [INFO] Second_training_iteration.py:275 - COCO evaluation summary saved to: New_runs_mAP50/MultiClass_640_LR0.0002_DefaultPaths_mAP50Optimized_img640x640_bs4_lr0.0002/coco_evaluation_summary.txt
2025-05-28 13:59:10,418 [INFO] Second_training_iteration.py:421 - [Epoch 57/400] TrainLoss: 0.0360 | Val F1: 0.6489 (P:0.623 R:0.677) | mAP@.50:0.5980 | mAP@.50-.95:0.3731 | LR:2.00e-06
2025-05-28 13:59:10,423 [INFO] Second_training_iteration.py:459 - Epoch 57: Metric (mAP@.50): 0.5980 did not improve from best (mAP@.50): 0.6072. No improvement for 25 epochs.
2025-05-28 14:00:17,078 [INFO] Second_training_iteration.py:275 - COCO evaluation summary saved to: New_runs_mAP50/MultiClass_640_LR0.0002_DefaultPaths_mAP50Optimized_img640x640_bs4_lr0.0002/coco_evaluation_summary.txt
2025-05-28 14:00:17,080 [INFO] Second_training_iteration.py:421 - [Epoch 58/400] TrainLoss: 0.0361 | Val F1: 0.6497 (P:0.625 R:0.677) | mAP@.50:0.5992 | mAP@.50-.95:0.3729 | LR:2.00e-06
2025-05-28 14:00:17,086 [INFO] Second_training_iteration.py:459 - Epoch 58: Metric (mAP@.50): 0.5992 did not improve from best (mAP@.50): 0.6072. No improvement for 26 epochs.
2025-05-28 14:01:23,495 [INFO] Second_training_iteration.py:275 - COCO evaluation summary saved to: New_runs_mAP50/MultiClass_640_LR0.0002_DefaultPaths_mAP50Optimized_img640x640_bs4_lr0.0002/coco_evaluation_summary.txt
2025-05-28 14:01:23,496 [INFO] Second_training_iteration.py:421 - [Epoch 59/400] TrainLoss: 0.0357 | Val F1: 0.6489 (P:0.623 R:0.677) | mAP@.50:0.5968 | mAP@.50-.95:0.3716 | LR:2.00e-06
2025-05-28 14:01:23,502 [INFO] Second_training_iteration.py:459 - Epoch 59: Metric (mAP@.50): 0.5968 did not improve from best (mAP@.50): 0.6072. No improvement for 27 epochs.
2025-05-28 14:02:29,993 [INFO] Second_training_iteration.py:275 - COCO evaluation summary saved to: New_runs_mAP50/MultiClass_640_LR0.0002_DefaultPaths_mAP50Optimized_img640x640_bs4_lr0.0002/coco_evaluation_summary.txt
2025-05-28 14:02:29,994 [INFO] Second_training_iteration.py:421 - [Epoch 60/400] TrainLoss: 0.0358 | Val F1: 0.6506 (P:0.626 R:0.677) | mAP@.50:0.5943 | mAP@.50-.95:0.3707 | LR:2.00e-06
2025-05-28 14:02:30,000 [INFO] Second_training_iteration.py:459 - Epoch 60: Metric (mAP@.50): 0.5943 did not improve from best (mAP@.50): 0.6072. No improvement for 28 epochs.
2025-05-28 14:03:36,533 [INFO] Second_training_iteration.py:275 - COCO evaluation summary saved to: New_runs_mAP50/MultiClass_640_LR0.0002_DefaultPaths_mAP50Optimized_img640x640_bs4_lr0.0002/coco_evaluation_summary.txt
2025-05-28 14:03:36,534 [INFO] Second_training_iteration.py:421 - [Epoch 61/400] TrainLoss: 0.0358 | Val F1: 0.6488 (P:0.625 R:0.674) | mAP@.50:0.5937 | mAP@.50-.95:0.3681 | LR:2.00e-06
2025-05-28 14:03:36,540 [INFO] Second_training_iteration.py:459 - Epoch 61: Metric (mAP@.50): 0.5937 did not improve from best (mAP@.50): 0.6072. No improvement for 29 epochs.
2025-05-28 14:04:43,085 [INFO] Second_training_iteration.py:275 - COCO evaluation summary saved to: New_runs_mAP50/MultiClass_640_LR0.0002_DefaultPaths_mAP50Optimized_img640x640_bs4_lr0.0002/coco_evaluation_summary.txt
2025-05-28 14:04:43,087 [INFO] Second_training_iteration.py:421 - [Epoch 62/400] TrainLoss: 0.0359 | Val F1: 0.6514 (P:0.630 R:0.674) | mAP@.50:0.5945 | mAP@.50-.95:0.3688 | LR:2.00e-06
2025-05-28 14:04:43,093 [INFO] Second_training_iteration.py:459 - Epoch 62: Metric (mAP@.50): 0.5945 did not improve from best (mAP@.50): 0.6072. No improvement for 30 epochs.
2025-05-28 14:04:43,093 [INFO] Second_training_iteration.py:462 - ===== Early stopping triggered at epoch 62 as mAP@.50 did not improve from 0.6072 for 30 consecutive epochs. =====
2025-05-28 14:04:43,093 [INFO] Second_training_iteration.py:465 - ===== Finished Training Run: MultiClass_640_LR0.0002_DefaultPaths_mAP50Optimized_img640x640_bs4_lr0.0002. Best model from Epoch 32 with mAP@.50: 0.6072. Log files saved in: New_runs_mAP50/MultiClass_640_LR0.0002_DefaultPaths_mAP50Optimized_img640x640_bs4_lr0.0002 =====
